Madaros v0.80.0 -- the Sounio self-hosted compiler
the bare highland that does not negotiate with ill-formed code -- Sfakia, Crete
Horizon 3: self-hosted primary compiler.

Main file: 33 items
Loaded 1 modules
Resolve skip: single module with no imports
Type checking module 0
Type check complete for module 0
imported_compile: begin
imported_compile: load_begin
imported_compile: load_done
imported_compile: loaded 1 modules
imported_compile: typecheck_begin
imported_compile: typecheck_done
imported_compile: typecheck ok
imported_compile: lower_begin
lower_array: seed_begin
lower_array: seed_done
imported_compile: lower_done
Merged IR: 34 functions
Written to /workspace/rcda-core-01a0badb/verification/mutant_pair.elf
Written to /workspace/rcda-core-01a0badb/verification/mutant_pair.elf
Compilation successful!
   Output: /workspace/rcda-core-01a0badb/verification/mutant_pair.elf
