THEOREM RCDA.AbelianGroup.add_assoc: axioms=[]
THEOREM RCDA.AbelianGroup.add_comm: axioms=[]
THEOREM RCDA.AbelianGroup.add_left_cancel: axioms=[]
THEOREM RCDA.AbelianGroup.add_left_cancel._simp_1_1: axioms=[]
THEOREM RCDA.AbelianGroup.add_neg_cancel: axioms=[]
THEOREM RCDA.AbelianGroup.add_zero: axioms=[]
THEOREM RCDA.AbelianGroup.neg_add: axioms=[propext]
THEOREM RCDA.AbelianGroup.neg_add.add_left_comm: axioms=[]
THEOREM RCDA.AbelianGroup.neg_add_cancel: axioms=[]
THEOREM RCDA.AbelianGroup.neg_neg: axioms=[]
THEOREM RCDA.AbelianGroup.neg_unique: axioms=[]
THEOREM RCDA.AbelianGroup.neg_zero: axioms=[]
THEOREM RCDA.AbelianGroup.sub.eq_1: axioms=[]
THEOREM RCDA.AbelianGroup.sub_eq_zero_iff: axioms=[]
THEOREM RCDA.AbelianGroup.zero_add: axioms=[]
THEOREM RCDA.AddEnd.ext: axioms=[Quot.sound]
THEOREM RCDA.AddEnd.ext_iff: axioms=[Quot.sound]
THEOREM RCDA.AddEnd.instAdd._proof_1: axioms=[propext]
THEOREM RCDA.AddEnd.instMul._proof_1: axioms=[]
THEOREM RCDA.AddEnd.instNeg._proof_1: axioms=[propext]
THEOREM RCDA.AddEnd.instOne._proof_1: axioms=[]
THEOREM RCDA.AddEnd.instRing._proof_1: axioms=[propext, Quot.sound]
THEOREM RCDA.AddEnd.instRing._proof_2: axioms=[propext, Quot.sound]
THEOREM RCDA.AddEnd.instRing._proof_3: axioms=[propext, Quot.sound]
THEOREM RCDA.AddEnd.instRing._proof_4: axioms=[propext, Quot.sound]
THEOREM RCDA.AddEnd.instRing._proof_5: axioms=[propext, Quot.sound]
THEOREM RCDA.AddEnd.instRing._proof_6: axioms=[propext, Quot.sound]
THEOREM RCDA.AddEnd.instRing._proof_7: axioms=[Quot.sound]
THEOREM RCDA.AddEnd.instRing._proof_8: axioms=[Quot.sound]
THEOREM RCDA.AddEnd.instRing._proof_9: axioms=[Quot.sound]
THEOREM RCDA.AddEnd.instZero._proof_1: axioms=[]
THEOREM RCDA.AddEnd.map_add: axioms=[]
THEOREM RCDA.AddEnd.mk.inj: axioms=[]
THEOREM RCDA.AddEnd.mk.injEq: axioms=[propext]
THEOREM RCDA.AddEnd.mk.sizeOf_spec: axioms=[]
THEOREM RCDA.AdditiveUnitalConjugation.map_add: axioms=[]
THEOREM RCDA.AdditiveUnitalConjugation.map_one: axioms=[]
THEOREM RCDA.AssociatorCoupling.associative_preserves_reference: axioms=[propext]
THEOREM RCDA.AssociatorCoupling.mk.inj: axioms=[]
THEOREM RCDA.AssociatorCoupling.mk.injEq: axioms=[propext]
THEOREM RCDA.AssociatorCoupling.mk.sizeOf_spec: axioms=[]
THEOREM RCDA.AssociatorCoupling.vanishes_when_associative: axioms=[]
THEOREM RCDA.AssociatorCoupling.zero._proof_1: axioms=[]
THEOREM RCDA.CentralAction.add_scale: axioms=[]
THEOREM RCDA.CentralAction.mul_scale: axioms=[]
THEOREM RCDA.CentralAction.one_scale: axioms=[]
THEOREM RCDA.CentralAction.scale_add: axioms=[]
THEOREM RCDA.CentralAction.scale_mul_left: axioms=[]
THEOREM RCDA.CentralAction.scale_mul_right: axioms=[]
THEOREM RCDA.CentralAction.scale_neg: axioms=[]
THEOREM RCDA.CentralAction.scale_zero: axioms=[]
THEOREM RCDA.Conjugation.conj_zero: axioms=[]
THEOREM RCDA.DivisionAlgebra.left_division: axioms=[]
THEOREM RCDA.DivisionAlgebra.one_ne_zero: axioms=[]
THEOREM RCDA.DivisionAlgebra.right_division: axioms=[]
THEOREM RCDA.Double.add_im: axioms=[]
THEOREM RCDA.Double.add_re: axioms=[]
THEOREM RCDA.Double.canonicalSector._proof_1: axioms=[propext]
THEOREM RCDA.Double.canonicalSector._proof_2: axioms=[propext]
THEOREM RCDA.Double.canonicalSector._proof_3: axioms=[propext]
THEOREM RCDA.Double.canonicalSector._proof_4: axioms=[propext]
THEOREM RCDA.Double.canonicalSector._proof_5: axioms=[propext]
THEOREM RCDA.Double.division_sector_escape: axioms=[propext, Classical.choice, Quot.sound]
THEOREM RCDA.Double.embed_add: axioms=[]
THEOREM RCDA.Double.embed_injective: axioms=[]
THEOREM RCDA.Double.embed_mul: axioms=[propext]
THEOREM RCDA.Double.embed_neg: axioms=[]
THEOREM RCDA.Double.embed_one: axioms=[]
THEOREM RCDA.Double.embed_zero: axioms=[]
THEOREM RCDA.Double.ext: axioms=[]
THEOREM RCDA.Double.ext_iff: axioms=[]
THEOREM RCDA.Double.instAdditiveUnitalConjugation._proof_1: axioms=[propext]
THEOREM RCDA.Double.instAdditiveUnitalConjugation._proof_2: axioms=[propext]
THEOREM RCDA.Double.instAdditiveUnitalConjugation._proof_3: axioms=[propext]
THEOREM RCDA.Double.instNonAssocRing._proof_1: axioms=[]
THEOREM RCDA.Double.instNonAssocRing._proof_2: axioms=[]
THEOREM RCDA.Double.instNonAssocRing._proof_3: axioms=[]
THEOREM RCDA.Double.instNonAssocRing._proof_4: axioms=[]
THEOREM RCDA.Double.instNonAssocRing._proof_5: axioms=[propext]
THEOREM RCDA.Double.instNonAssocRing._proof_6: axioms=[propext]
THEOREM RCDA.Double.instNonAssocRing._proof_7: axioms=[propext]
THEOREM RCDA.Double.instNonAssocRing._proof_8: axioms=[propext]
THEOREM RCDA.Double.mk.inj: axioms=[]
THEOREM RCDA.Double.mk.injEq: axioms=[propext]
THEOREM RCDA.Double.mk.sizeOf_spec: axioms=[]
THEOREM RCDA.Double.mul_im: axioms=[]
THEOREM RCDA.Double.mul_re: axioms=[]
THEOREM RCDA.Double.neg_im: axioms=[]
THEOREM RCDA.Double.neg_re: axioms=[]
THEOREM RCDA.Double.one_im: axioms=[]
THEOREM RCDA.Double.one_re: axioms=[]
THEOREM RCDA.Double.zero_im: axioms=[]
THEOREM RCDA.Double.zero_re: axioms=[]
THEOREM RCDA.NonAssocRing.left_distrib: axioms=[]
THEOREM RCDA.NonAssocRing.mul_neg: axioms=[]
THEOREM RCDA.NonAssocRing.mul_one: axioms=[]
THEOREM RCDA.NonAssocRing.mul_zero: axioms=[]
THEOREM RCDA.NonAssocRing.neg_mul: axioms=[]
THEOREM RCDA.NonAssocRing.one_mul: axioms=[]
THEOREM RCDA.NonAssocRing.right_distrib: axioms=[]
THEOREM RCDA.NonAssocRing.zero_mul: axioms=[]
THEOREM RCDA.OctonionLike.conj_add: axioms=[]
THEOREM RCDA.OctonionLike.conj_involutive: axioms=[]
THEOREM RCDA.OctonionLike.conj_mul: axioms=[]
THEOREM RCDA.OctonionLike.conj_one: axioms=[]
THEOREM RCDA.OctonionLike.left_alternative: axioms=[]
THEOREM RCDA.OctonionLike.non_associative: axioms=[]
THEOREM RCDA.OctonionLike.right_alternative: axioms=[]
THEOREM RCDA.PathGroupoid.assoc: axioms=[]
THEOREM RCDA.PathGroupoid.identity_left: axioms=[]
THEOREM RCDA.PathGroupoid.identity_right: axioms=[]
THEOREM RCDA.PathGroupoid.inverse_left: axioms=[]
THEOREM RCDA.PathGroupoid.inverse_right: axioms=[]
THEOREM RCDA.PathGroupoid.mk.inj: axioms=[]
THEOREM RCDA.PathGroupoid.mk.injEq: axioms=[propext]
THEOREM RCDA.PathGroupoid.mk.sizeOf_spec: axioms=[]
THEOREM RCDA.ProductEmbedding.injective: axioms=[]
THEOREM RCDA.ProductEmbedding.map_mul: axioms=[]
THEOREM RCDA.ProductEmbedding.map_zero: axioms=[]
THEOREM RCDA.ProductEmbedding.mk.inj: axioms=[]
THEOREM RCDA.ProductEmbedding.mk.injEq: axioms=[propext]
THEOREM RCDA.ProductEmbedding.mk.sizeOf_spec: axioms=[]
THEOREM RCDA.RCDAModel.annihilation: axioms=[]
THEOREM RCDA.RCDAModel.mk.inj: axioms=[]
THEOREM RCDA.RCDAModel.mk.injEq: axioms=[propext]
THEOREM RCDA.RCDAModel.mk.sizeOf_spec: axioms=[]
THEOREM RCDA.RCDAModel.witness_escapes: axioms=[propext, Classical.choice, Quot.sound]
THEOREM RCDA.Ring.mul_assoc: axioms=[]
THEOREM RCDA.Sector.add_mem: axioms=[]
THEOREM RCDA.Sector.associative_iff: axioms=[]
THEOREM RCDA.Sector.incompatible: axioms=[]
THEOREM RCDA.Sector.mk.inj: axioms=[]
THEOREM RCDA.Sector.mk.injEq: axioms=[propext]
THEOREM RCDA.Sector.mk.sizeOf_spec: axioms=[]
THEOREM RCDA.Sector.mul_mem: axioms=[]
THEOREM RCDA.Sector.neg_mem: axioms=[]
THEOREM RCDA.Sector.one_mem: axioms=[]
THEOREM RCDA.Sector.zero_mem: axioms=[]
THEOREM RCDA.Transport.along_comp: axioms=[]
THEOREM RCDA.Transport.along_identity: axioms=[]
THEOREM RCDA.Transport.memory_iff_loop_displacement: axioms=[]
THEOREM RCDA.Transport.mk.inj: axioms=[]
THEOREM RCDA.Transport.mk.injEq: axioms=[propext]
THEOREM RCDA.Transport.mk.sizeOf_spec: axioms=[]
THEOREM RCDA.Transport.redo: axioms=[]
THEOREM RCDA.Transport.undo: axioms=[]
THEOREM RCDA.annihilation_obstructs_left_inverse: axioms=[]
THEOREM RCDA.associative_iff_associator_zero: axioms=[]
THEOREM RCDA.associative_with_annihilation: axioms=[]
THEOREM RCDA.associativity_does_not_decide_annihilation: axioms=[propext, Classical.choice, Quot.sound]
THEOREM RCDA.associator_eq_zero_iff: axioms=[]
THEOREM RCDA.bool_associative: axioms=[]
THEOREM RCDA.bool_has_no_annihilation: axioms=[propext, Classical.choice, Quot.sound]
THEOREM RCDA.bool_noZeroDivisors: axioms=[propext, Classical.choice, Quot.sound]
THEOREM RCDA.concrete_annihilation: axioms=[propext]
THEOREM RCDA.concrete_hasZeroDivisors: axioms=[propext]
THEOREM RCDA.concrete_no_universal_recovery: axioms=[propext]
THEOREM RCDA.concrete_octonion_associator: axioms=[propext]
THEOREM RCDA.concrete_octonion_associator_value: axioms=[propext]
THEOREM RCDA.concrete_octonion_nonAssociative: axioms=[propext]
THEOREM RCDA.covariantExterior.eq_1: axioms=[]
THEOREM RCDA.curvature.eq_1: axioms=[]
THEOREM RCDA.curvature_deformation: axioms=[propext]
THEOREM RCDA.curvature_scaled_deformation: axioms=[propext]
THEOREM RCDA.curvature_zero_deformation: axioms=[propext]
THEOREM RCDA.deform.eq_1: axioms=[]
THEOREM RCDA.division_noZeroDivisors: axioms=[propext, Classical.choice, Quot.sound]
THEOREM RCDA.embedded_sector_no_annihilation: axioms=[]
THEOREM RCDA.instAdditiveUnitalConjugationInt._proof_1: axioms=[propext]
THEOREM RCDA.instAdditiveUnitalConjugationInt._proof_2: axioms=[propext]
THEOREM RCDA.instAdditiveUnitalConjugationInt._proof_3: axioms=[propext]
THEOREM RCDA.instDecidableEqDouble.decEq._proof_1: axioms=[]
THEOREM RCDA.instDecidableEqDouble.decEq._proof_2: axioms=[]
THEOREM RCDA.instDecidableEqDouble.decEq._proof_3: axioms=[]
THEOREM RCDA.instDivisionAlgebraBool._proof_1: axioms=[]
THEOREM RCDA.instDivisionAlgebraBool._proof_2: axioms=[]
THEOREM RCDA.instDivisionAlgebraBool._proof_3: axioms=[]
THEOREM RCDA.instNonAssocRingBool._proof_1: axioms=[]
THEOREM RCDA.instNonAssocRingBool._proof_2: axioms=[]
THEOREM RCDA.instNonAssocRingBool._proof_3: axioms=[]
THEOREM RCDA.instNonAssocRingBool._proof_4: axioms=[]
THEOREM RCDA.instNonAssocRingBool._proof_5: axioms=[]
THEOREM RCDA.instNonAssocRingBool._proof_6: axioms=[]
THEOREM RCDA.instNonAssocRingBool._proof_7: axioms=[]
THEOREM RCDA.instNonAssocRingBool._proof_8: axioms=[]
THEOREM RCDA.instNonAssocRingProd._proof_1: axioms=[]
THEOREM RCDA.instNonAssocRingProd._proof_2: axioms=[]
THEOREM RCDA.instNonAssocRingProd._proof_3: axioms=[]
THEOREM RCDA.instNonAssocRingProd._proof_4: axioms=[]
THEOREM RCDA.instNonAssocRingProd._proof_5: axioms=[]
THEOREM RCDA.instNonAssocRingProd._proof_6: axioms=[]
THEOREM RCDA.instNonAssocRingProd._proof_7: axioms=[]
THEOREM RCDA.instNonAssocRingProd._proof_8: axioms=[]
THEOREM RCDA.instRingBool._proof_1: axioms=[]
THEOREM RCDA.instRingProd._proof_1: axioms=[]
THEOREM RCDA.nonAssociative_iff_nonzero_associator: axioms=[]
THEOREM RCDA.nonAssociative_with_zero_correction: axioms=[propext]
THEOREM RCDA.nontrivial_annihilation_requires_sector_escape: axioms=[]
THEOREM RCDA.wedgeSquare.eq_1: axioms=[]
CLAIM RCDAAudit.Tag.proved RCDA.associator_eq_zero_iff
CLAIM RCDAAudit.Tag.proved RCDA.associative_iff_associator_zero
CLAIM RCDAAudit.Tag.proved RCDA.nonAssociative_iff_nonzero_associator
CLAIM RCDAAudit.Tag.proved RCDA.Sector.associative_iff
CLAIM RCDAAudit.Tag.proved RCDA.Sector.incompatible
CLAIM RCDAAudit.Tag.proved RCDA.division_noZeroDivisors
CLAIM RCDAAudit.Tag.proved RCDA.embedded_sector_no_annihilation
CLAIM RCDAAudit.Tag.proved RCDA.nontrivial_annihilation_requires_sector_escape
CLAIM RCDAAudit.Tag.proved RCDA.annihilation_obstructs_left_inverse
CLAIM RCDAAudit.Tag.proved RCDA.Double.embed_mul
CLAIM RCDAAudit.Tag.conditional RCDA.Double.division_sector_escape
CLAIM RCDAAudit.Tag.conditional RCDA.RCDAModel.witness_escapes
CLAIM RCDAAudit.Tag.proved RCDA.curvature_deformation
CLAIM RCDAAudit.Tag.proved RCDA.curvature_scaled_deformation
CLAIM RCDAAudit.Tag.proved RCDA.curvature_zero_deformation
CLAIM RCDAAudit.Tag.conditional RCDA.AssociatorCoupling.associative_preserves_reference
CLAIM RCDAAudit.Tag.proved RCDA.Transport.memory_iff_loop_displacement
CLAIM RCDAAudit.Tag.proved RCDA.concrete_annihilation
CLAIM RCDAAudit.Tag.proved RCDA.concrete_hasZeroDivisors
CLAIM RCDAAudit.Tag.proved RCDA.concrete_octonion_associator
CLAIM RCDAAudit.Tag.proved RCDA.concrete_octonion_associator_value
CLAIM RCDAAudit.Tag.proved RCDA.concrete_octonion_nonAssociative
CLAIM RCDAAudit.Tag.proved RCDA.bool_noZeroDivisors
CLAIM RCDAAudit.Tag.proved RCDA.associativity_does_not_decide_annihilation
CLAIM RCDAAudit.Tag.proved RCDA.nonAssociative_with_zero_correction
CLAIM RCDAAudit.Tag.proved RCDA.concrete_no_universal_recovery
AUDIT PASS: 452 RCDA declarations; 199 theorem declarations; 26 tagged claims; 6 scientific hypotheses kept as text.
FOUNDATIONAL AXIOMS USED: [Classical.choice, Quot.sound, propext]
